# Pspell "viscii" map file

41	0041	# LATIN CAPITAL LETTER A
42	0042	# LATIN CAPITAL LETTER B
43	0043	# LATIN CAPITAL LETTER C
44	0044	# LATIN CAPITAL LETTER D
45	0045	# LATIN CAPITAL LETTER E
46	0046	# LATIN CAPITAL LETTER F
47	0047	# LATIN CAPITAL LETTER G
48	0048	# LATIN CAPITAL LETTER H
49	0049	# LATIN CAPITAL LETTER I
4A	004A	# LATIN CAPITAL LETTER J
4B	004B	# LATIN CAPITAL LETTER K
4C	004C	# LATIN CAPITAL LETTER L
4D	004D	# LATIN CAPITAL LETTER M
4E	004E	# LATIN CAPITAL LETTER N
4F	004F	# LATIN CAPITAL LETTER O
50	0050	# LATIN CAPITAL LETTER P
51	0051	# LATIN CAPITAL LETTER Q
52	0052	# LATIN CAPITAL LETTER R
53	0053	# LATIN CAPITAL LETTER S
54	0054	# LATIN CAPITAL LETTER T
55	0055	# LATIN CAPITAL LETTER U
56	0056	# LATIN CAPITAL LETTER V
57	0057	# LATIN CAPITAL LETTER W
58	0058	# LATIN CAPITAL LETTER X
59	0059	# LATIN CAPITAL LETTER Y
5A	005A	# LATIN CAPITAL LETTER Z
61	0061	# LATIN SMALL LETTER A
62	0062	# LATIN SMALL LETTER B
63	0063	# LATIN SMALL LETTER C
64	0064	# LATIN SMALL LETTER D
65	0065	# LATIN SMALL LETTER E
66	0066	# LATIN SMALL LETTER F
67	0067	# LATIN SMALL LETTER G
68	0068	# LATIN SMALL LETTER H
69	0069	# LATIN SMALL LETTER I
6A	006A	# LATIN SMALL LETTER J
6B	006B	# LATIN SMALL LETTER K
6C	006C	# LATIN SMALL LETTER L
6D	006D	# LATIN SMALL LETTER M
6E	006E	# LATIN SMALL LETTER N
6F	006F	# LATIN SMALL LETTER O
70	0070	# LATIN SMALL LETTER P
71	0071	# LATIN SMALL LETTER Q
72	0072	# LATIN SMALL LETTER R
73	0073	# LATIN SMALL LETTER S
74	0074	# LATIN SMALL LETTER T
75	0075	# LATIN SMALL LETTER U
76	0076	# LATIN SMALL LETTER V
77	0077	# LATIN SMALL LETTER W
78	0078	# LATIN SMALL LETTER X
79	0079	# LATIN SMALL LETTER Y
7A	007A	# LATIN SMALL LETTER Z

20	0020	# SPACE

21	0021	# EXCLAMATION MARK
22	0022	# QUOTATION MARK
23	0023	# NUMBER SIGN
24	0024	# DOLLAR SIGN
25	0025	# PERCENT SIGN
26	0026	# AMPERSAND
27	0027	# APOSTROPHE
28	0028	# LEFT PARENTHESIS
29	0029	# RIGHT PARENTHESIS
2A	002A	# ASTERISK
2B	002B	# PLUS SIGN
2C	002C	# COMMA
2D	002D	# HYPHEN-MINUS
2E	002E	# FULL STOP
2F	002F	# SOLIDUS
30	0030	# DIGIT ZERO
31	0031	# DIGIT ONE
32	0032	# DIGIT TWO
33	0033	# DIGIT THREE
34	0034	# DIGIT FOUR
35	0035	# DIGIT FIVE
36	0036	# DIGIT SIX
37	0037	# DIGIT SEVEN
38	0038	# DIGIT EIGHT
39	0039	# DIGIT NINE
3A	003A	# COLON
3B	003B	# SEMICOLON
3C	003C	# LESS-THAN SIGN
3D	003D	# EQUALS SIGN
3E	003E	# GREATER-THAN SIGN
3F	003F	# QUESTION MARK
40	0040	# COMMERCIAL AT
5B	005B	# LEFT SQUARE BRACKET
5C	005C	# REVERSE SOLIDUS
5D	005D	# RIGHT SQUARE BRACKET
5E	005E	# CIRCUMFLEX ACCENT
5F	005F	# LOW LINE
60	0060	# GRAVE ACCENT
7B	007B	# LEFT CURLY BRACKET
7C	007C	# VERTICAL LINE
7D	007D	# RIGHT CURLY BRACKET
7E	007E	# TILDE

02	1EB2	# LATIN CAPITAL LETTER A WITH BREVE AND HOOK ABOVE
05	1EB4	# LATIN CAPITAL LETTER A WITH BREVE AND TILDE
06	1EAA	# LATIN CAPITAL LETTER A WITH CIRCUMFLEX AND TILDE
14	1EF6	# LATIN CAPITAL LETTER Y WITH HOOK ABOVE
19	1EF8	# LATIN CAPITAL LETTER Y WITH TILDE
1E	1EF4	# LATIN CAPITAL LETTER Y WITH DOT BELOW
80	1EA0	# LATIN CAPITAL LETTER A WITH DOT BELOW
81	1EAE	# LATIN CAPITAL LETTER A WITH BREVE AND ACUTE
82	1EB0	# LATIN CAPITAL LETTER A WITH BREVE AND GRAVE
83	1EB6	# LATIN CAPITAL LETTER A WITH BREVE AND DOT BELOW
84	1EA4	# LATIN CAPITAL LETTER A WITH CIRCUMFLEX AND ACUTE
85	1EA6	# LATIN CAPITAL LETTER A WITH CIRCUMFLEX AND GRAVE
86	1EA8	# LATIN CAPITAL LETTER A WITH CIRCUMFLEX AND HOOK ABOVE
87	1EAC	# LATIN CAPITAL LETTER A WITH CIRCUMFLEX AND DOT BELOW
88	1EBC	# LATIN CAPITAL LETTER E WITH TILDE
89	1EB8	# LATIN CAPITAL LETTER E WITH DOT BELOW
8A	1EBE	# LATIN CAPITAL LETTER E WITH CIRCUMFLEX AND ACUTE
8B	1EC0	# LATIN CAPITAL LETTER E WITH CIRCUMFLEX AND GRAVE
8C	1EC2	# LATIN CAPITAL LETTER E WITH CIRCUMFLEX AND HOOK ABOVE
8D	1EC4	# LATIN CAPITAL LETTER E WITH CIRCUMFLEX AND TILDE
8E	1EC6	# LATIN CAPITAL LETTER E WITH CIRCUMFLEX AND DOT BELOW
8F	1ED0	# LATIN CAPITAL LETTER O WITH CIRCUMFLEX AND ACUTE
90	1ED2	# LATIN CAPITAL LETTER O WITH CIRCUMFLEX AND GRAVE
91	1ED4	# LATIN CAPITAL LETTER O WITH CIRCUMFLEX AND HOOK ABOVE
92	1ED6	# LATIN CAPITAL LETTER O WITH CIRCUMFLEX AND TILDE
93	1ED8	# LATIN CAPITAL LETTER O WITH CIRCUMFLEX AND DOT BELOW
94	1EE2	# LATIN CAPITAL LETTER O WITH HORN AND DOT BELOW
95	1EDA	# LATIN CAPITAL LETTER O WITH HORN AND ACUTE
96	1EDC	# LATIN CAPITAL LETTER O WITH HORN AND GRAVE
97	1EDE	# LATIN CAPITAL LETTER O WITH HORN AND HOOK ABOVE
98	1ECA	# LATIN CAPITAL LETTER I WITH DOT BELOW
99	1ECE	# LATIN CAPITAL LETTER O WITH HOOK ABOVE
9A	1ECC	# LATIN CAPITAL LETTER O WITH DOT BELOW
9B	1EC8	# LATIN CAPITAL LETTER I WITH HOOK ABOVE
9C	1EE6	# LATIN CAPITAL LETTER U WITH HOOK ABOVE
9D	0168	# LATIN CAPITAL LETTER U WITH TILDE
9E	1EE4	# LATIN CAPITAL LETTER U WITH DOT BELOW
9F	1EF2	# LATIN CAPITAL LETTER Y WITH GRAVE
A0	00D5	# LATIN CAPITAL LETTER O WITH TILDE
A1	1EAF	# LATIN SMALL LETTER A WITH BREVE AND ACUTE
A2	1EB1	# LATIN SMALL LETTER A WITH BREVE AND GRAVE
A3	1EB7	# LATIN SMALL LETTER A WITH BREVE AND DOT BELOW
A4	1EA5	# LATIN SMALL LETTER A WITH CIRCUMFLEX AND ACUTE
A5	1EA7	# LATIN SMALL LETTER A WITH CIRCUMFLEX AND GRAVE
A6	1EA8	# LATIN CAPITAL LETTER A WITH CIRCUMFLEX AND HOOK ABOVE
A7	1EAD	# LATIN SMALL LETTER A WITH CIRCUMFLEX AND DOT BELOW
A8	1EBD	# LATIN SMALL LETTER E WITH TILDE
A9	1EB9	# LATIN SMALL LETTER E WITH DOT BELOW
AA	1EBF	# LATIN SMALL LETTER E WITH CIRCUMFLEX AND ACUTE
AB	1EC1	# LATIN SMALL LETTER E WITH CIRCUMFLEX AND GRAVE
AC	1EC3	# LATIN SMALL LETTER E WITH CIRCUMFLEX AND HOOK ABOVE
AD	1EC5	# LATIN SMALL LETTER E WITH CIRCUMFLEX AND TILDE
AE	1EC7	# LATIN SMALL LETTER E WITH CIRCUMFLEX AND DOT BELOW
AF	1ED1	# LATIN SMALL LETTER O WITH CIRCUMFLEX AND ACUTE
B0	1ED3	# LATIN SMALL LETTER O WITH CIRCUMFLEX AND GRAVE
B1	1ED5	# LATIN SMALL LETTER O WITH CIRCUMFLEX AND HOOK ABOVE
B2	1ED7	# LATIN SMALL LETTER O WITH CIRCUMFLEX AND TILDE
B3	1EE0	# LATIN CAPITAL LETTER O WITH HORN AND TILDE
B4	01A0	# LATIN CAPITAL LETTER O WITH HORN
B5	1ED9	# LATIN SMALL LETTER O WITH CIRCUMFLEX AND DOT BELOW
B6	1EDD	# LATIN SMALL LETTER O WITH HORN AND GRAVE
B7	1EDF	# LATIN SMALL LETTER O WITH HORN AND HOOK ABOVE
B8	1ECB	# LATIN SMALL LETTER I WITH DOT BELOW
B9	1EF0	# LATIN CAPITAL LETTER U WITH HORN AND DOT BELOW
BA	1EE8	# LATIN CAPITAL LETTER U WITH HORN AND ACUTE
BB	1EEA	# LATIN CAPITAL LETTER U WITH HORN AND GRAVE
BC	1EEC	# LATIN CAPITAL LETTER U WITH HORN AND HOOK ABOVE
BD	01A1	# LATIN SMALL LETTER O WITH HORN
BE	1EDB	# LATIN SMALL LETTER O WITH HORN AND ACUTE
BF	01AF	# LATIN CAPITAL LETTER U WITH HORN
C0	00C0	# LATIN CAPITAL LETTER A WITH GRAVE
C1	00C1	# LATIN CAPITAL LETTER A WITH ACUTE
C2	00C2	# LATIN CAPITAL LETTER A WITH CIRCUMFLEX
C3	00C3	# LATIN CAPITAL LETTER A WITH TILDE
C4	1EA2	# LATIN CAPITAL LETTER A WITH HOOK ABOVE
C5	0102	# LATIN CAPITAL LETTER A WITH BREVE
C6	1EB3	# LATIN SMALL LETTER A WITH BREVE AND HOOK ABOVE
C7	1EB5	# LATIN SMALL LETTER A WITH BREVE AND TILDE
C8	00C8	# LATIN CAPITAL LETTER E WITH GRAVE
C9	00C9	# LATIN CAPITAL LETTER E WITH ACUTE
CA	00CA	# LATIN CAPITAL LETTER E WITH CIRCUMFLEX
CB	1EBA	# LATIN CAPITAL LETTER E WITH HOOK ABOVE
CC	00CC	# LATIN CAPITAL LETTER I WITH GRAVE
CD	00CD	# LATIN CAPITAL LETTER I WITH ACUTE
CE	0128	# LATIN CAPITAL LETTER I WITH TILDE
CF	1EF3	# LATIN SMALL LETTER Y WITH GRAVE
D0	0110	# LATIN CAPITAL LETTER D WITH STROKE
D1	1EE9	# LATIN SMALL LETTER U WITH HORN AND ACUTE
D2	00D2	# LATIN CAPITAL LETTER O WITH GRAVE
D3	00D3	# LATIN CAPITAL LETTER O WITH ACUTE
D4	00D4	# LATIN CAPITAL LETTER O WITH CIRCUMFLEX
D5	1EA1	# LATIN SMALL LETTER A WITH DOT BELOW
D6	1EF7	# LATIN SMALL LETTER Y WITH HOOK ABOVE
D7	1EEB	# LATIN SMALL LETTER U WITH HORN AND GRAVE
D8	1EED	# LATIN SMALL LETTER U WITH HORN AND HOOK ABOVE
D9	00D9	# LATIN CAPITAL LETTER U WITH GRAVE
DA	00DA	# LATIN CAPITAL LETTER U WITH ACUTE
DB	1EF9	# LATIN SMALL LETTER Y WITH TILDE
DC	1EF5	# LATIN SMALL LETTER Y WITH DOT BELOW
DD	00DD	# LATIN CAPITAL LETTER Y WITH ACUTE
DE	1EE1	# LATIN SMALL LETTER O WITH HORN AND TILDE
DF	01B0	# LATIN SMALL LETTER U WITH HORN
E0	00E0	# LATIN SMALL LETTER A WITH GRAVE
E1	00E1	# LATIN SMALL LETTER A WITH ACUTE
E2	00E2	# LATIN SMALL LETTER A WITH CIRCUMFLEX
E3	00E3	# LATIN SMALL LETTER A WITH TILDE
E4	1EA3	# LATIN SMALL LETTER A WITH HOOK ABOVE
E5	0103	# LATIN SMALL LETTER A WITH BREVE
E6	1EEF	# LATIN SMALL LETTER U WITH HORN AND TILDE
E7	1EAB	# LATIN SMALL LETTER A WITH CIRCUMFLEX AND TILDE
E8	00E8	# LATIN SMALL LETTER E WITH GRAVE
E9	00E9	# LATIN SMALL LETTER E WITH ACUTE
EA	00EA	# LATIN SMALL LETTER E WITH CIRCUMFLEX
EB	1EBB	# LATIN SMALL LETTER E WITH HOOK ABOVE
EC	00EC	# LATIN SMALL LETTER I WITH GRAVE
ED	00ED	# LATIN SMALL LETTER I WITH ACUTE
EE	0129	# LATIN SMALL LETTER I WITH TILDE
EF	1EC9	# LATIN SMALL LETTER I WITH HOOK ABOVE
F0	0111	# LATIN SMALL LETTER D WITH STROKE
F1	1EF1	# LATIN SMALL LETTER U WITH HORN AND DOT BELOW
F2	00F2	# LATIN SMALL LETTER O WITH GRAVE
F3	00F3	# LATIN SMALL LETTER O WITH ACUTE
F4	00F4	# LATIN SMALL LETTER O WITH CIRCUMFLEX
F5	00F5	# LATIN SMALL LETTER O WITH TILDE
F6	1ECF	# LATIN SMALL LETTER O WITH HOOK ABOVE
F7	1ECD	# LATIN SMALL LETTER O WITH DOT BELOW
F8	1EE5	# LATIN SMALL LETTER U WITH DOT BELOW
F9	00F9	# LATIN SMALL LETTER U WITH GRAVE
FA	00FA	# LATIN SMALL LETTER U WITH ACUTE
FB	0169	# LATIN SMALL LETTER U WITH TILDE
FC	1EE7	# LATIN SMALL LETTER U WITH HOOK ABOVE
FD	00FD	# LATIN SMALL LETTER Y WITH ACUTE
FE	1EE3	# LATIN SMALL LETTER O WITH HORN AND DOT BELOW
FF	1EEE	# LATIN CAPITAL LETTER U WITH HORN AND TILDE
